Running Gradle task 'assembleRelease'...                        
flutter : Warning: 
Flutter support for 
your project's Gradle 
version (8.3.0) will 
soon be dropped. 
Please upgrade your 
Gradle version to a 
version of at least 
8.7.0 soon.
At line:1 char:1
+ flutter build apk > 
build_output.txt 2>&1
+ ~~~~~~~~~~~~~~~~~~~~~
~~~~~~~~~~~~~~~~~~~~
    + CategoryInfo     
         : NotSpecifi  
  ed: (Warning: Flut   
 te...ast 8.7.0 soo    
n.:String) [], Rem    
oteException
    + FullyQualifiedEr 
   rorId : NativeComm  
  andError
 
Alternatively, use the 
flag "--android-skip-bu
ild-dependency-validati
on" to bypass this 
check.

Potential fix: Your 
project's gradle 
version is typically 
defined in the gradle 
wrapper file. By 
default, this can be 
found at 
E:\PROJECTS\Wellness Wi
ngs\android/gradle/wrap
per/gradle-wrapper.prop
erties. 
For more information, 
see https://docs.gradle
.org/current/userguide/
gradle_wrapper.html.

Warning: Flutter 
support for your 
project's Android 
Gradle Plugin version 
(Android Gradle Plugin 
version 8.2.1) will 
soon be dropped. 
Please upgrade your 
Android Gradle Plugin 
version to a version 
of at least Android 
Gradle Plugin version 
8.6.0 soon.
Alternatively, use the 
flag "--android-skip-bu
ild-dependency-validati
on" to bypass this 
check.

Potential fix: Your 
project's AGP version 
is typically defined 
in the plugins block 
of the 
`settings.gradle` file 
(E:\PROJECTS\Wellness W
ings\android/settings.g
radle), by a plugin 
with the id of com.andr
oid.application. 
If you don't see a 
plugins block, your 
project was likely 
created with an older 
template version. In 
this case it is most 
likely defined in the 
top-level build.gradle 
file 
(E:\PROJECTS\Wellness W
ings\android/build.grad
le) by the following 
line in the 
dependencies block of 
the buildscript: 
"classpath 'com.android
.tools.build:gradle:<ve
rsion>'".

Warning: Flutter 
support for your 
project's Kotlin 
version (1.8.22) will 
soon be dropped. 
Please upgrade your 
Kotlin version to a 
version of at least 
2.1.0 soon.
Alternatively, use the 
flag "--android-skip-bu
ild-dependency-validati
on" to bypass this 
check.

Potential fix: Your 
project's KGP version 
is typically defined 
in the plugins block 
of the 
`settings.gradle` file 
(E:\PROJECTS\Wellness W
ings\android/settings.g
radle), by a plugin 
with the id of org.jetb
rains.kotlin.android. 
If you don't see a 
plugins block, your 
project was likely 
created with an older 
template version, in 
which case it is most 
likely defined in the 
top-level build.gradle 
file 
(E:\PROJECTS\Wellness W
ings\android/build.grad
le) by the 
ext.kotlin_version 
property.

Warning: The plugin audioplayers_android requires Android SDK version 35 or higher.
For more information about build configuration, see https://flutter.dev/to/review-gradle-config.
Warning: The plugin file_picker requires Android SDK version 36 or higher.
For more information about build configuration, see https://flutter.dev/to/review-gradle-config.
Warning: The plugin flutter_callkit_incoming requires Android SDK version 35 or higher.
For more information about build configuration, see https://flutter.dev/to/review-gradle-config.
Warning: The plugin flutter_plugin_android_lifecycle requires Android SDK version 36 or higher.
For more information about build configuration, see https://flutter.dev/to/review-gradle-config.
Warning: The plugin geolocator_android requires Android SDK version 36 or higher.
For more information about build configuration, see https://flutter.dev/to/review-gradle-config.
Warning: The plugin image_picker_android requires Android SDK version 36 or higher.
For more information about build configuration, see https://flutter.dev/to/review-gradle-config.
Warning: The plugin native_device_orientation requires Android SDK version 36 or higher.
For more information about build configuration, see https://flutter.dev/to/review-gradle-config.
Warning: The plugin path_provider_android requires Android SDK version 36 or higher.
For more information about build configuration, see https://flutter.dev/to/review-gradle-config.
Warning: The plugin shared_preferences_android requires Android SDK version 36 or higher.
For more information about build configuration, see https://flutter.dev/to/review-gradle-config.
Warning: The plugin sqflite_android requires Android SDK version 36 or higher.
For more information about build configuration, see https://flutter.dev/to/review-gradle-config.
Warning: The plugin url_launcher_android requires Android SDK version 36 or higher.
For more information about build configuration, see https://flutter.dev/to/review-gradle-config.
[ZEGO][PLUGIN] Download native dependency
[ZEGO][PLUGIN] Native version: 3.23.0.47729
[ZEGO][PLUGIN] The specified version SDK already exists!
Your project is 
configured to compile 
against Android SDK 
34, but the following 
plugin(s) require to 
be compiled against a 
higher Android SDK 
version:
- audioplayers_android 
compiles against 
Android SDK 35
- file_picker compiles 
against Android SDK 36
- flutter_callkit_incom
ing compiles against 
Android SDK 35
- flutter_plugin_androi
d_lifecycle compiles 
against Android SDK 36
- geolocator_android 
compiles against 
Android SDK 36
- image_picker_android 
compiles against 
Android SDK 36
- native_device_orienta
tion compiles against 
Android SDK 36
- 
path_provider_android 
compiles against 
Android SDK 36
- shared_preferences_an
droid compiles against 
Android SDK 36
- sqflite_android 
compiles against 
Android SDK 36
- url_launcher_android 
compiles against 
Android SDK 36
Fix this issue by 
compiling against the 
highest Android SDK 
version (they are 
backward compatible).
Add the following to 
E:\PROJECTS\Wellness Wi
ngs\android\app\build.g
radle:

    android {
        compileSdk = 36
        ...
    }

FAILURE: Build failed 
with an exception.

* What went wrong:
Could not determine 
the dependencies of 
task ':wakelock_plus:ge
nerateReleaseLintModel'
.
> Could not resolve 
all dependencies for 
configuration ':wakeloc
k_plus:releaseUnitTestR
untimeClasspath'.
   > Could not create 
task ':wakelock_plus:te
stDebugUnitTest'.
      > this and base 
files have different 
roots: 
E:\PROJECTS\Wellness Wi
ngs\build\wakelock_plus
 and C:\Users\Saro\AppD
ata\Local\Pub\Cache\hos
ted\pub.dev\wakelock_pl
us-1.3.3\android.

* Try:
> Run with 
--stacktrace option to 
get the stack trace.
> Run with --info or 
--debug option to get 
more log output.
> Run with --scan to 
get full insights.
> Get more help at http
s://help.gradle.org.

BUILD FAILED in 7s
Running Gradle task 'assembleRelease'...                            8.9s
Gradle task 
assembleRelease failed 
with exit code 1
